node.exe : C:\Users\achra\D
esktop\Studies\stage 
pfe\new fmdd\forum-connect\
server\src\utils\prisma.ts:
1
At line:1 char:1
+ & "C:\Program 
Files\nodejs/node.exe" 
"C:\Program 
Files\nodejs/node_mo ...
+ ~~~~~~~~~~~~~~~~~~~~~~~~~
~~~~~~~~~~~~~~~~~~~~~~~~~~~
~~~~~~~~~~~~~~~~~
    + CategoryInfo         
     : NotSpecified: (C:\  
  Users\achra\...ils\pri   
 sma.ts:1:String) [], R    
emoteException
    + FullyQualifiedErrorI 
   d : NativeCommandError
 
import { PrismaClient } 
from '@prisma/client';
         ^

SyntaxError: The requested 
module '@prisma/client' 
does not provide an export 
named 'PrismaClient'
    at 
ModuleJob._instantiate (nod
e:internal/modules/esm/modu
le_job:228:21)
    at async ModuleJob.run 
(node:internal/modules/esm/
module_job:337:5)
    at async onImport.trace
Promise.__proto__ (node:int
ernal/modules/esm/loader:65
1:26)
    at async asyncRunEntryP
ointWithESMLoader (node:int
ernal/modules/run_main:117:
5)

Node.js v22.19.0
